AAL	American Airlines Group Inc	46.26	 	0.43	0.94%
AAPL	Apple Inc	110.06	 	0.11	0.10%
ADBE	Adobe Systems Inc	105.02	 	-0.79	-0.75%
ADI	Analog Devices Inc	68.47	 	0.26	0.38%
ADP	Automatic Data Processing Inc	94.39	 	0.01	0.01%
ADSK	Autodesk Inc	76.90	 	-1.56	-1.99%
AKAM	Akamai Technologies Inc	66.44	 	-0.16	-0.24%
ALXN	Alexion Pharmaceuticals Inc	119.85	 	-3.12	-2.54%
AMAT	Applied Materials Inc	30.74	 	0.01	0.03%
AMGN	Amgen Inc	145.23	 	-2.13	-1.45%
AMZN	Amazon.com Inc	760.16	 	3.76	0.50%
ATVI	Activision Blizzard Inc	38.39	 	-1.55	-3.88%
AVGO	Broadcom Ltd	168.16	 	1.12	0.67%
BBBY	Bed Bath & Beyond Inc	44.42	 	-0.50	-1.11%
BIDU	Baidu Inc	164.38	 	-1.83	-1.10%
BIIB	Biogen Inc	317.00	 	-2.30	-0.72%
BMRN	Biomarin Pharmaceutical Inc	89.00	 	-1.74	-1.92%
CA	CA Inc	31.01	 	-0.47	-1.49%
CELG	Celgene Corp	121.97	 	-0.11	-0.09%
CERN	Cerner Corp	49.53	 	-0.06	-0.12%
CHKP	Check Point Software Technologies Ltd	83.41	 	-0.39	-0.47%
CHTR	Charter Communications Inc	262.70	 	-2.78	-1.05%
CMCSA	Comcast Corp	68.34	 	-0.15	-0.22%
COST	Costco Wholesale Corp	150.36	 	-0.84	-0.56%
CSCO	Cisco Systems Inc	30.18	 	0.13	0.43%
CSX	CSX Corp	34.00	 	0.04	0.12%
CTRP	Ctrip.Com International Ltd	42.02	 	-0.29	-0.69%
CTSH	Cognizant Technology Solutions Corp	55.57	 	-0.81	-1.44%
CTXS	Citrix Systems Inc	86.82	 	-1.16	-1.32%
DISCA	Discovery Communications Inc	27.50	 	-0.53	-1.89%
DISCK	Discovery Communications Inc	26.75	 	-0.34	-1.26%
DISH	DISH Network Corp	55.85	 	0.19	0.34%
DLTR	Dollar Tree Inc	81.91	 	0.26	0.32%
EA	Electronic Arts	78.99	 	-0.63	-0.79%
EBAY	eBay Inc	28.69	 	-0.18	-0.62%
ESRX	Express Scripts Holding Co	75.77	 	-0.67	-0.88%
EXPE	Expedia Inc	125.67	 	-0.91	-0.72%
FAST	Fastenal Co	44.80	 	-0.16	-0.36%
FB	Facebook	117.02	 	-0.77	-0.65%
FISV	Fiserv Inc	104.29	 	-0.77	-0.73%
FOX	21st Century Fox Class B	27.69	 	-0.12	-0.43%
FOXA	21st Century Fox Class A	27.82	 	-0.10	-0.36%
GILD	Gilead Sciences Inc	74.62	 	-0.96	-1.27%
GOOG	Alphabet Class C	760.54	 	-10.69	-1.39%
GOOGL	Alphabet Class A	775.97	 	-10.19	-1.30%
HSIC	Henry Schein Inc	156.96	 	-1.93	-1.21%
ILMN	Illumina Inc	131.87	 	-2.22	-1.66%
INCY	Incyte Corp	103.63	 	-1.92	-1.82%
INTC	Intel Corp	34.95	 	-0.07	-0.20%
INTU	Intuit Inc	115.98	 	2.18	1.92%
ISRG	Intuitive Surgical Inc	654.89	 	0.29	0.04%
JD	JD.com Inc	26.45	 	-0.30	-1.12%
KHC	Kraft Heinz Co	82.53	 	-0.31	-0.37%
LBTYA	Liberty Global PLC	32.77	 	-0.14	-0.43%
LBTYK	Liberty Global PLC	31.76	 	-0.24	-0.75%
LLTC	Linear Technology Corp	61.00	 	0.19	0.31%
LRCX	Lam Research Corp	104.71	 	0.91	0.88%
LVNTA	Liberty Interactive Corp	39.76	 	0.04	0.10%
MAR	Marriott International Inc	77.14	 	-0.33	-0.43%
MAT	Mattel Inc	30.52	 	-0.91	-2.90%
MCHP	Microchip Technology Inc	64.57	 	-0.88	-1.34%
MDLZ	Mondelez International Inc	42.92	 	-0.07	-0.16%
MNST	Monster Beverage Corp	41.68	 	-0.29	-0.69%
MSFT	Microsoft Corp	60.35	 	-0.29	-0.48%
MU	Micron Technology Inc	19.21	 	0.03	0.16%
MXIM	Maxim Integrated Products Inc	40.09	 	0.35	0.88%
MYL	Mylan NV	36.47	 	-1.09	-2.90%
NCLH	Norwegian Cruise Line Holdings Ltd	39.68	 	-0.15	-0.38%
NFLX	Netflix Inc	115.21	 	0.18	0.16%
NTAP	NetApp Inc	37.00	 	0.10	0.27%
NTES	NetEase Inc	230.81	 	-6.02	-2.54%
NVDA	NVIDIA Corp	93.36	 	0.97	1.05%
NXPI	NXP Semiconductors NV	98.88	 	0.82	0.84%
ORLY	O Reilly Automotive Inc	265.74	 	-5.25	-1.94%
PAYX	Paychex Inc	55.93	 	0.01	0.02%
PCAR	PACCAR Inc	59.78	 	-0.24	-0.40%
PCLN	The Priceline Group	1507.35	 	-5.55	-0.37%
PYPL	PayPal Holdings Inc	40.08	 	0.20	0.50%
QCOM	Qualcomm Inc	67.31	 	0.64	0.96%
QVCA	Liberty Interactive Corp	21.07	 	-0.11	-0.52%
REGN	Regeneron Pharmaceuticals Inc	397.48	 	-7.08	-1.75%
ROST	Ross Stores Inc	68.00	 	2.47	3.77%
SBAC	SBA Communications Corp	100.75	 	0.12	0.12%
SBUX	Starbucks Corp	55.77	 	-0.08	-0.14%
SIRI	Sirius XM Holdings Inc	4.56	 	-0.02	-0.44%
SRCL	Stericycle Inc	76.09	 	0.82	1.09%
STX	Seagate Technology PLC	39.29	 	0.06	0.15%
SWKS	Skyworks Solutions Inc	78.21	 	0.26	0.33%
SYMC	Symantec Corp	23.75	 	-0.08	-0.34%
TMUS	T-Mobile US Inc	53.59	 	0.20	0.37%
TRIP	TripAdvisor Inc	50.79	 	-0.18	-0.35%
TSCO	Tractor Supply Co	72.91	 	-0.25	-0.34%
TSLA	Tesla Motors Inc	185.02	 	-3.64	-1.93%
TXN	Texas Instruments Inc	72.60	 	0.52	0.72%
ULTA	Ulta Salon Cosmetics and Fragrance Inc	250.09	 	-1.04	-0.41%
VIAB	Viacom Inc	37.77	 	-0.84	-2.18%
VOD	Vodafone Group PLC	25.69	 	-0.36	-1.38%
VRSK	Verisk Analytics Inc	83.16	 	0.16	0.19%
VRTX	Vertex Pharmaceuticals Inc	89.44	 	-1.76	-1.93%
WBA	Walgreens Boots Alliance Inc	83.27	 	-0.72	-0.86%
WDC	Western Digital Corp	60.93	 	2.13	3.62%
WFM	Whole Foods Market Inc	30.96	 	0.02	0.06%
XLNX	Xilinx Inc	52.98	 	-0.26	-0.49%
YHOO	Yahoo Inc	41.19	 	-0.26	-0.63%
XRAY	Dentsply Sirona Inc	60.16	 	-0.79	-1.30%
